// Jest Snapshot v1, https://goo.gl/fbAQLP

exports[`<MovieDetails /> should render the various inner Elements 1`] = `
<div>
  <div
    class="sc-gsTCUz fpahce"
  >
    <div
      class="ui breadcrumb"
      style="margin-top: 10px; width: 80%; text-align: left;"
    >
      <a
        class="section"
        style="color: rgb(3, 218, 197);"
      >
        Home
      </a>
      <div
        class="divider"
        style="color: rgb(3, 218, 197);"
      >
        /
      </div>
      <div
        class="active section"
      >
        Movie
      </div>
    </div>
    
    <div
      class="sc-dlfnbm jEKTqd"
    >
      <div
        class="sc-eCssSg jaqjKl"
      >
        <img
          class="ui medium image"
          style="margin: 0px auto;"
        />
      </div>
      <div
        class="sc-iBPRYJ btCJWd"
      >
        <h1
          class="sc-jSgupP fpakam"
        />
        <div
          class="sc-bqyKva grFWJE"
        >
          <div
            class="sc-kstrdz eWXACl"
          >
            <p />
          </div>
          <h4
            class="sc-dQppl izJmKb"
          >
            <p />
          </h4>
        </div>
      </div>
    </div>
    <div
      class="sc-pFZIQ gwVETK"
    />
    <div
      class="sc-dlfnbm jEKTqd"
    >
      <div
        class="sc-fubCfw dBWqGs"
      >
        <h1
          class="sc-gKsewC hLzvqM"
        >
          Movie Details
        </h1>
        <p
          class="sc-iqHYGH YSPeM"
          style="color: rgb(3, 218, 197);"
        >
          Synposis
        </p>
        <p
          class="sc-iqHYGH YSPeM"
          style="color: rgb(255, 255, 255); line-height: 2;"
        >
          Hello World
        </p>
      </div>
      <div
        class="sc-jrAGrp guCCtw"
      >
        <h1
          class="sc-gKsewC hLzvqM"
        />
        <div
          class="sc-crrsfI dqwzxp"
        >
          <p
            class="sc-kEjbxe XwxIc"
          >
            Awards
          </p>
          <p
            class="sc-iqHYGH YSPeM"
          >
            Oscars
          </p>
        </div>
        <div
          class="sc-crrsfI dqwzxp"
        >
          <p
            class="sc-kEjbxe XwxIc"
          >
            Rated
          </p>
          <p
            class="sc-iqHYGH YSPeM"
          >
            PG
          </p>
        </div>
        <div
          class="sc-crrsfI dqwzxp"
        >
          <p
            class="sc-kEjbxe XwxIc"
          >
            Genre
          </p>
          <p
            class="sc-iqHYGH YSPeM"
          >
            Action
          </p>
        </div>
        <div
          class="sc-crrsfI dqwzxp"
        >
          <p
            class="sc-kEjbxe XwxIc"
          >
            Director
          </p>
          <p
            class="sc-iqHYGH YSPeM"
          >
             Brad Willis
          </p>
        </div>
        <div
          class="sc-crrsfI dqwzxp"
        >
          <p
            class="sc-kEjbxe XwxIc"
          >
            Writer
          </p>
          <p
            class="sc-iqHYGH YSPeM"
          >
            Bruce Pitts
          </p>
        </div>
        <div
          class="sc-crrsfI dqwzxp"
        >
          <p
            class="sc-kEjbxe XwxIc"
          >
            Released
          </p>
          <p
            class="sc-iqHYGH YSPeM"
          >
            2001
          </p>
        </div>
        <div
          class="sc-crrsfI dqwzxp"
        >
          <p
            class="sc-kEjbxe XwxIc"
          >
            Box Office
          </p>
          <p
            class="sc-iqHYGH YSPeM"
          >
            Hollywood
          </p>
        </div>
        <div
          class="sc-crrsfI dqwzxp"
        >
          <p
            class="sc-kEjbxe XwxIc"
          >
            Runtime
          </p>
          <p
            class="sc-iqHYGH YSPeM"
          >
            120mins
          </p>
        </div>
        <div
          class="sc-crrsfI dqwzxp"
        >
          <p
            class="sc-kEjbxe XwxIc"
          >
            Studio
          </p>
          <p
            class="sc-iqHYGH YSPeM"
          >
            Disney
          </p>
        </div>
        <div
          class="sc-crrsfI dqwzxp"
        >
          <p
            class="sc-kEjbxe XwxIc"
          >
            Country
          </p>
          <p
            class="sc-iqHYGH YSPeM"
          >
            USA
          </p>
        </div>
      </div>
    </div>
    <div
      class="sc-pFZIQ gwVETK"
    />
    <div
      class="sc-dlfnbm jEKTqd"
    >
      <h1
        class="sc-gKsewC hLzvqM"
        style="width: 100%; text-align: left;"
      >
        Cast
      </h1>
      <div
        class="sc-crrsfI dqwzxp"
        style="width: 100%; flex-wrap: wrap;"
      >
        <div
          class="sc-hBEYos bOlHTy"
          style="min-width: 25%;"
        >
          <div
            class="sc-kstrdz eWXACl"
          >
            <p>
              J
            </p>
          </div>
          <p
            class="sc-iqHYGH YSPeM"
            style="display: inline;"
          >
            Jennifer Lawrence
          </p>
        </div>
        <div
          class="sc-hBEYos bOlHTy"
          style="min-width: 25%;"
        >
          <div
            class="sc-kstrdz eWXACl"
          >
            <p>
              B
            </p>
          </div>
          <p
            class="sc-iqHYGH YSPeM"
            style="display: inline;"
          >
            Bruce Anniston
          </p>
        </div>
      </div>
    </div>
  </div>
</div>
`;
