// Jest Snapshot v1, https://goo.gl/fbAQLP

exports[`<Movies /> should render the various inner Elements 1`] = `
<div>
  <div
    class="sc-gKsewC jRRddb"
  >
    <div
      class="sc-gsTCUz iWCQzw"
    >
      <h1
        class="sc-dlfnbm SSaae"
      >
        MOVIES
      </h1>
      <div
        class="sc-hKgILt fHYTMW"
      >
        <div
          class="ui small fluid icon input"
          data-testid="search-input"
        >
          <input
            placeholder="Input Movie Title..."
            type="text"
            value=""
          />
          <i
            aria-hidden="true"
            class="search icon"
          />
        </div>
      </div>
    </div>
    <p
      class="sc-iBPRYJ gsvDRP"
    >
      No results found. Please type in the search bar above.
    </p>
    
    <div
      class="sc-pFZIQ"
    />
  </div>
</div>
`;
